// Jest Snapshot v1, https://goo.gl/fbAQLP

exports[`<ClientsAdd /> tests should match snapshot 1`] = `
<div>
  <nav
    class="navbar navbar-expand-lg navbar-light"
  >
    <div
      class="container"
    >
      <a
        class="navbar-brand"
        href="/"
      >
        InvoiceMyClients.com
      </a>
      <button
        aria-controls="navbarCollapse"
        aria-expanded="false"
        aria-label="Toggle navigation"
        class="navbar-toggler"
        data-target="#navbarCollapse"
        data-toggle="collapse"
        type="button"
      >
        <span
          class="navbar-toggler-icon"
        />
      </button>
      <div
        class="collapse navbar-collapse"
        id="navbarCollapse"
      >
        <button
          aria-controls="navbarCollapse"
          aria-expanded="false"
          aria-label="Toggle navigation"
          class="navbar-toggler"
          data-target="#navbarCollapse"
          data-toggle="collapse"
          type="button"
        >
          <i
            class="fe fe-x"
          />
        </button>
        <ul
          class="navbar-nav ml-auto"
        >
          <li
            class="nav-item dropdown"
          >
            <a
              class="nav-link"
              href="/dashboard"
            >
              Dashboard
            </a>
          </li>
          <li
            class="nav-item dropdown"
          >
            <a
              class="nav-link"
              href="/clients"
            >
              Clients
            </a>
          </li>
          <li
            class="nav-item dropdown"
          >
            <a
              class="nav-link"
              href="/invoices"
            >
              Invoices
            </a>
          </li>
          <li
            class="nav-item dropdown"
          >
            <a
              class="nav-link"
              href="/nagging"
            >
              Nagging
            </a>
          </li>
          <li
            class="nav-item dropdown"
          >
            <a
              class="nav-link"
              href="/support"
            >
              Support
            </a>
          </li>
        </ul>
        <a
          class="navbar-btn btn btn-sm btn-primary lift ml-auto"
          href="/sign-up"
        >
          Sign Up
        </a>
      </div>
    </div>
  </nav>
  <main
    class="mt-5 mb-10 pb-10"
  >
    <div
      class="container"
    >
      <div
        class="row"
      >
        <div
          class="col-12"
        >
          <h1>
            Add New Client
          </h1>
        </div>
      </div>
      <div
        class="row"
      >
        <div
          class="col-12"
        >
          <div
            class="card shadow-light-lg card-border border-success mb-5"
          >
            <div
              class="card-body"
            >
              <h2
                class="card-title text-body"
              >
                Client Details
              </h2>
              <form>
                <div
                  class="form-group narrow d-flex"
                >
                  <label
                    class="w-25 d-flex align-items-center"
                    for="companyName"
                  >
                    <small>
                      Company Name
                    </small>
                  </label>
                  <input
                    class="form-control"
                    id="companyName"
                    placeholder="Company Name"
                    type="text"
                  />
                </div>
                <div
                  class="form-group narrow d-flex"
                >
                  <label
                    class="w-25 d-flex align-items-center"
                    for="idNumber"
                  >
                    <small>
                      ID Number
                    </small>
                  </label>
                  <input
                    class="form-control"
                    id="idNumber"
                    placeholder="ID Number"
                    type="text"
                  />
                </div>
                <div
                  class="form-group narrow d-flex"
                >
                  <label
                    class="w-25 d-flex align-items-center"
                    for="website"
                  >
                    <small>
                      Website
                    </small>
                  </label>
                  <input
                    class="form-control"
                    id="website"
                    placeholder="Website"
                    type="text"
                  />
                </div>
                <div
                  class="form-group narrow d-flex"
                >
                  <label
                    class="w-25 d-flex align-items-center"
                    for="vatNumber"
                  >
                    <small>
                      VAT Number
                    </small>
                  </label>
                  <input
                    class="form-control"
                    id="vatNumber"
                    placeholder="VAT Number"
                    type="text"
                  />
                </div>
                <div
                  class="form-group narrow d-flex"
                >
                  <label
                    class="w-25 d-flex align-items-center"
                    for="phoneNumber"
                  >
                    <small>
                      Phone Number
                    </small>
                  </label>
                  <input
                    class="form-control"
                    id="phoneNumber"
                    placeholder="Phone Number"
                    type="text"
                  />
                </div>
              </form>
            </div>
          </div>
          <div
            class="card shadow-light-lg card-border border-success mb-5"
          >
            <div
              class="card-body"
            >
              <h2
                class="card-title text-body"
              >
                Contact
              </h2>
              <form>
                <div
                  class="form-group narrow d-flex"
                >
                  <label
                    class="w-25 d-flex align-items-center"
                    for="firstName"
                  >
                    <small>
                      First Name
                    </small>
                  </label>
                  <input
                    class="form-control"
                    id="firstName"
                    placeholder="First Name"
                    type="text"
                  />
                </div>
                <div
                  class="form-group narrow d-flex"
                >
                  <label
                    class="w-25 d-flex align-items-center"
                    for="lastName"
                  >
                    <small>
                      Last Name
                    </small>
                  </label>
                  <input
                    class="form-control"
                    id="lastName"
                    placeholder="Last Name"
                    type="text"
                  />
                </div>
                <div
                  class="form-group narrow d-flex"
                >
                  <label
                    class="w-25 d-flex align-items-center"
                    for="email"
                  >
                    <small>
                      Email
                    </small>
                  </label>
                  <input
                    class="form-control"
                    id="email"
                    placeholder="Email"
                    type="text"
                  />
                </div>
                <div
                  class="form-group narrow d-flex"
                >
                  <label
                    class="w-25 d-flex align-items-center"
                    for="phoneNumber"
                  >
                    <small>
                      Phone Number
                    </small>
                  </label>
                  <input
                    class="form-control"
                    id="phoneNumber"
                    placeholder="Phone Number"
                    type="text"
                  />
                </div>
              </form>
            </div>
          </div>
          <div
            class="card shadow-light-lg card-border border-success mb-5"
          >
            <div
              class="card-body"
            >
              <h2
                class="card-title text-body"
              >
                Address Details
              </h2>
              <ul
                class="nav nav-pills mb-3"
                id="addresses"
                role="tablist"
              >
                <li
                  class="nav-item"
                >
                  <a
                    aria-controls="billingaddress"
                    aria-selected="true"
                    class="nav-link active"
                    data-toggle="tab"
                    href="#billingaddress"
                    id="billingaddress-tab"
                    role="tab"
                  >
                    Billing Address
                  </a>
                </li>
                <li
                  class="nav-item"
                >
                  <a
                    aria-controls="shippingaddress"
                    aria-selected="false"
                    class="nav-link"
                    data-toggle="tab"
                    href="#shippingaddress"
                    id="shippingaddress-tab"
                    role="tab"
                  >
                    Shipping Address
                  </a>
                </li>
              </ul>
              <div
                class="tab-content"
                id="addressesContent"
              >
                <div
                  aria-labelledby="shippingaddress-tab"
                  class="tab-pane fade show active"
                  id="shippingaddress"
                  role="tabpanel"
                >
                  <form>
                    <div
                      class="form-group narrow d-flex"
                    >
                      <label
                        class="w-25 d-flex align-items-center"
                        for="street"
                      >
                        <small>
                          Street
                        </small>
                      </label>
                      <input
                        class="form-control"
                        id="street"
                        placeholder="Street"
                        type="text"
                      />
                    </div>
                    <div
                      class="form-group narrow d-flex"
                    >
                      <label
                        class="w-25 d-flex align-items-center"
                        for="addressLine1"
                      >
                        <small>
                          Address Line 1
                        </small>
                      </label>
                      <input
                        class="form-control"
                        id="addressLine1"
                        placeholder="Address Line 1"
                        type="text"
                      />
                    </div>
                    <div
                      class="form-group narrow d-flex"
                    >
                      <label
                        class="w-25 d-flex align-items-center"
                        for="addressLine2"
                      >
                        <small>
                          Address Line 2
                        </small>
                      </label>
                      <input
                        class="form-control"
                        id="addressLine2"
                        placeholder="Address Line 2"
                        type="text"
                      />
                    </div>
                    <div
                      class="form-group narrow d-flex"
                    >
                      <label
                        class="w-25 d-flex align-items-center"
                        for="city"
                      >
                        <small>
                          City
                        </small>
                      </label>
                      <input
                        class="form-control"
                        id="city"
                        placeholder="City"
                        type="text"
                      />
                    </div>
                    <div
                      class="form-group narrow d-flex"
                    >
                      <label
                        class="w-25 d-flex align-items-center"
                        for="state"
                      >
                        <small>
                          State / Province
                        </small>
                      </label>
                      <input
                        class="form-control"
                        id="state"
                        placeholder="State / Province"
                        type="text"
                      />
                    </div>
                    <div
                      class="form-group narrow d-flex"
                    >
                      <label
                        class="w-25 d-flex align-items-center"
                        for="postalCode"
                      >
                        <small>
                          Postal Code
                        </small>
                      </label>
                      <input
                        class="form-control"
                        id="postalCode"
                        placeholder="Postal Code"
                        type="text"
                      />
                    </div>
                    <div
                      class="form-group narrow d-flex"
                    >
                      <label
                        class="w-25 d-flex align-items-center"
                        for="country"
                      >
                        <small>
                          Country
                        </small>
                      </label>
                      <input
                        class="form-control"
                        id="country"
                        placeholder="Country"
                        type="text"
                      />
                    </div>
                  </form>
                </div>
                <div
                  aria-labelledby="billingaddress-tab"
                  class="tab-pane fade"
                  id="billingaddress"
                  role="tabpanel"
                >
                  <form>
                    <div
                      class="form-group narrow d-flex"
                    >
                      <label
                        class="w-25 d-flex align-items-center"
                        for="street"
                      >
                        <small>
                          Street
                        </small>
                      </label>
                      <input
                        class="form-control"
                        id="street"
                        placeholder="Street"
                        type="text"
                      />
                    </div>
                    <div
                      class="form-group narrow d-flex"
                    >
                      <label
                        class="w-25 d-flex align-items-center"
                        for="addressLine1"
                      >
                        <small>
                          Address Line 1
                        </small>
                      </label>
                      <input
                        class="form-control"
                        id="addressLine1"
                        placeholder="Address Line 1"
                        type="text"
                      />
                    </div>
                    <div
                      class="form-group narrow d-flex"
                    >
                      <label
                        class="w-25 d-flex align-items-center"
                        for="addressLine2"
                      >
                        <small>
                          Address Line 2
                        </small>
                      </label>
                      <input
                        class="form-control"
                        id="addressLine2"
                        placeholder="Address Line 2"
                        type="text"
                      />
                    </div>
                    <div
                      class="form-group narrow d-flex"
                    >
                      <label
                        class="w-25 d-flex align-items-center"
                        for="city"
                      >
                        <small>
                          City
                        </small>
                      </label>
                      <input
                        class="form-control"
                        id="city"
                        placeholder="City"
                        type="text"
                      />
                    </div>
                    <div
                      class="form-group narrow d-flex"
                    >
                      <label
                        class="w-25 d-flex align-items-center"
                        for="state"
                      >
                        <small>
                          State / Province
                        </small>
                      </label>
                      <input
                        class="form-control"
                        id="state"
                        placeholder="State / Province"
                        type="text"
                      />
                    </div>
                    <div
                      class="form-group narrow d-flex"
                    >
                      <label
                        class="w-25 d-flex align-items-center"
                        for="postalCode"
                      >
                        <small>
                          Postal Code
                        </small>
                      </label>
                      <input
                        class="form-control"
                        id="postalCode"
                        placeholder="Postal Code"
                        type="text"
                      />
                    </div>
                    <div
                      class="form-group narrow d-flex"
                    >
                      <label
                        class="w-25 d-flex align-items-center"
                        for="country"
                      >
                        <small>
                          Country
                        </small>
                      </label>
                      <input
                        class="form-control"
                        id="country"
                        placeholder="Country"
                        type="text"
                      />
                    </div>
                  </form>
                </div>
              </div>
            </div>
          </div>
          <div
            class="card shadow-light-lg card-border border-success mb-5"
          >
            <div
              class="card-body"
            >
              <h2
                class="card-title text-body"
              >
                Additional Info
              </h2>
              <form>
                <div
                  class="form-group narrow d-flex"
                >
                  <label
                    class="w-25 d-flex align-items-center"
                    for="currency"
                  >
                    <small>
                      Currency
                    </small>
                  </label>
                  <input
                    class="form-control"
                    id="currency"
                    placeholder="Currency"
                    type="text"
                  />
                </div>
                <div
                  class="form-group narrow d-flex"
                >
                  <label
                    class="w-25 d-flex align-items-center"
                    for="paymentTerms"
                  >
                    <small>
                      Payment Terms
                    </small>
                  </label>
                  <input
                    class="form-control"
                    id="paymentTerms"
                    placeholder="Payment Terms"
                    type="text"
                  />
                </div>
              </form>
            </div>
          </div>
          <button
            class="btn btn-primary mr-1"
          >
            Add Client
          </button>
          <button
            class="btn btn-default"
          >
            Reset
          </button>
        </div>
      </div>
    </div>
  </main>
</div>
`;
