// Jest Snapshot v1, https://goo.gl/fbAQLP

exports[`<ClientsAdd /> tests should match snapshot 1`] = `
<div>
  <nav
    class="navbar navbar-expand-lg navbar-light"
  >
    <div
      class="container"
    >
      <a
        class="navbar-brand"
        href="/"
      >
        InvoiceMyClients.com
      </a>
      <button
        aria-controls="navbarCollapse"
        aria-expanded="false"
        aria-label="Toggle navigation"
        class="navbar-toggler"
        data-target="#navbarCollapse"
        data-toggle="collapse"
        type="button"
      >
        <span
          class="navbar-toggler-icon"
        />
      </button>
      <div
        class="collapse navbar-collapse"
        id="navbarCollapse"
      >
        <button
          aria-controls="navbarCollapse"
          aria-expanded="false"
          aria-label="Toggle navigation"
          class="navbar-toggler"
          data-target="#navbarCollapse"
          data-toggle="collapse"
          type="button"
        >
          <i
            class="fe fe-x"
          />
        </button>
        <ul
          class="navbar-nav ml-auto"
        >
          <li
            class="nav-item dropdown"
          >
            <a
              class="nav-link"
              href="/dashboard"
            >
              Dashboard
            </a>
          </li>
          <li
            class="nav-item dropdown"
          >
            <a
              class="nav-link"
              href="/clients"
            >
              Clients
            </a>
          </li>
          <li
            class="nav-item dropdown"
          >
            <a
              class="nav-link"
              href="/invoices"
            >
              Invoices
            </a>
          </li>
          <li
            class="nav-item dropdown"
          >
            <a
              class="nav-link"
              href="/nagging"
            >
              Nagging
            </a>
          </li>
          <li
            class="nav-item dropdown"
          >
            <a
              class="nav-link"
              href="/support"
            >
              Support
            </a>
          </li>
        </ul>
        <a
          class="navbar-btn btn btn-sm btn-primary lift ml-auto"
          href="/sign-up"
        >
          Sign Up
        </a>
      </div>
    </div>
  </nav>
  <main
    class="mt-5 mb-10 pb-10"
  >
    <div
      class="container"
    >
      <div
        class="row"
      >
        <div
          class="col-12"
        >
          <h1>
            Add New Client
          </h1>
        </div>
      </div>
      <div
        class="row"
      >
        <div
          class="col-12"
        >
          <form>
            <div
              class="card shadow-light-lg card-border border-success mb-5"
            >
              <div
                class="card-body"
              >
                <h2
                  class="card-title text-body"
                >
                  Client Details
                </h2>
                <div
                  class="form-label-group"
                >
                  <input
                    class="form-control form-control-flush"
                    id="clientDetails.companyName"
                    name="clientDetails.companyName"
                    placeholder="Company name"
                    type="text"
                  />
                  <label
                    for="clientDetails.companyName"
                  >
                    Company name
                  </label>
                </div>
                <div
                  class="form-label-group"
                >
                  <input
                    class="form-control form-control-flush"
                    id="clientDetails.idNumber"
                    name="clientDetails.idNumber"
                    placeholder="ID Number"
                    type="text"
                  />
                  <label
                    for="clientDetails.idNumber"
                  >
                    ID Number
                  </label>
                </div>
                <div
                  class="form-label-group"
                >
                  <input
                    class="form-control form-control-flush"
                    id="clientDetails.website"
                    name="clientDetails.website"
                    placeholder="Website"
                    type="text"
                  />
                  <label
                    for="clientDetails.website"
                  >
                    Website
                  </label>
                </div>
                <div
                  class="form-label-group"
                >
                  <input
                    class="form-control form-control-flush"
                    id="clientDetails.vatNumber"
                    name="clientDetails.vatNumber"
                    placeholder="VAT Number"
                    type="text"
                  />
                  <label
                    for="clientDetails.vatNumber"
                  >
                    VAT Number
                  </label>
                </div>
                <div
                  class="form-label-group"
                >
                  <input
                    class="form-control form-control-flush"
                    id="clientDetails.phoneNumber"
                    name="clientDetails.phoneNumber"
                    placeholder="Phone Number"
                    type="text"
                  />
                  <label
                    for="clientDetails.phoneNumber"
                  >
                    Phone Number
                  </label>
                </div>
              </div>
            </div>
            <div
              class="card shadow-light-lg card-border border-success mb-5"
            >
              <div
                class="card-body"
              >
                <h2
                  class="card-title text-body"
                >
                  Contact
                </h2>
                <div
                  class="form-label-group"
                >
                  <input
                    class="form-control form-control-flush"
                    id="contacts.firstName"
                    name="contacts.firstName"
                    placeholder="First name"
                    type="text"
                  />
                  <label
                    for="contacts.firstName"
                  >
                    First name
                  </label>
                </div>
                <div
                  class="form-label-group"
                >
                  <input
                    class="form-control form-control-flush"
                    id="contacts.lastName"
                    name="contacts.lastName"
                    placeholder="Last name"
                    type="text"
                  />
                  <label
                    for="contacts.lastName"
                  >
                    Last name
                  </label>
                </div>
                <div
                  class="form-label-group"
                >
                  <input
                    class="form-control form-control-flush"
                    id="contacts.email"
                    name="contacts.email"
                    placeholder="Email address"
                    type="text"
                  />
                  <label
                    for="contacts.email"
                  >
                    Email address
                  </label>
                </div>
                <div
                  class="form-label-group"
                >
                  <input
                    class="form-control form-control-flush"
                    id="contacts.phoneNumber"
                    name="contacts.phoneNumber"
                    placeholder="Phone number"
                    type="text"
                  />
                  <label
                    for="contacts.phoneNumber"
                  >
                    Phone number
                  </label>
                </div>
              </div>
            </div>
            <div
              class="card shadow-light-lg card-border border-success mb-5"
            >
              <div
                class="card-body"
              >
                <h2
                  class="card-title text-body"
                >
                  Address Details
                </h2>
                <ul
                  class="nav nav-pills mb-3"
                  id="addresses"
                  role="tablist"
                >
                  <li
                    class="nav-item"
                  >
                    <a
                      aria-controls="billingaddress"
                      aria-selected="true"
                      class="nav-link active"
                      data-toggle="tab"
                      href="#billingaddress"
                      id="billingaddress-tab"
                      role="tab"
                    >
                      Billing Address
                    </a>
                  </li>
                  <li
                    class="nav-item"
                  >
                    <a
                      aria-controls="shippingaddress"
                      aria-selected="false"
                      class="nav-link"
                      data-toggle="tab"
                      href="#shippingaddress"
                      id="shippingaddress-tab"
                      role="tab"
                    >
                      Shipping Address
                    </a>
                  </li>
                </ul>
                <div
                  class="tab-content"
                  id="addressesContent"
                >
                  <div
                    aria-labelledby="billingaddress-tab"
                    class="tab-pane fade show active"
                    id="billingaddress"
                    role="tabpanel"
                  >
                    <div
                      class="form-label-group"
                    >
                      <input
                        class="form-control form-control-flush"
                        id="billingAddress.addressLine1"
                        name="billingAddress.addressLine1"
                        placeholder="Address line 1"
                        type="text"
                      />
                      <label
                        for="billingAddress.addressLine1"
                      >
                        Address line 1
                      </label>
                    </div>
                    <div
                      class="form-label-group"
                    >
                      <input
                        class="form-control form-control-flush"
                        id="billingAddress.addressLine2"
                        name="billingAddress.addressLine2"
                        placeholder="Address line 2"
                        type="text"
                      />
                      <label
                        for="billingAddress.addressLine2"
                      >
                        Address line 2
                      </label>
                    </div>
                    <div
                      class="form-label-group"
                    >
                      <input
                        class="form-control form-control-flush"
                        id="billingAddress.city"
                        name="billingAddress.city"
                        placeholder="City"
                        type="text"
                      />
                      <label
                        for="billingAddress.city"
                      >
                        City
                      </label>
                    </div>
                    <div
                      class="form-label-group"
                    >
                      <input
                        class="form-control form-control-flush"
                        id="billingAddress.state"
                        name="billingAddress.state"
                        placeholder="State / Province"
                        type="text"
                      />
                      <label
                        for="billingAddress.state"
                      >
                        State / Province
                      </label>
                    </div>
                    <div
                      class="form-label-group"
                    >
                      <input
                        class="form-control form-control-flush"
                        id="billingAddress.postalCode"
                        name="billingAddress.postalCode"
                        placeholder="Postal code"
                        type="text"
                      />
                      <label
                        for="billingAddress.postalCode"
                      >
                        Postal code
                      </label>
                    </div>
                    <div
                      class="form-label-group"
                    >
                      <input
                        class="form-control form-control-flush"
                        id="billingAddress.country"
                        name="billingAddress.country"
                        placeholder="Country"
                        type="text"
                      />
                      <label
                        for="billingAddress.country"
                      >
                        Country
                      </label>
                    </div>
                  </div>
                  <div
                    aria-labelledby="shippingaddress-tab"
                    class="tab-pane fade"
                    id="shippingaddress"
                    role="tabpanel"
                  >
                    <div
                      class="form-label-group"
                    >
                      <input
                        class="form-control form-control-flush"
                        id="shippingAddress.addressLine1"
                        name="shippingAddress.addressLine1"
                        placeholder="Address line 1"
                        type="text"
                      />
                      <label
                        for="shippingAddress.addressLine1"
                      >
                        Address line 1
                      </label>
                    </div>
                    <div
                      class="form-label-group"
                    >
                      <input
                        class="form-control form-control-flush"
                        id="shippingAddress.addressLine2"
                        name="shippingAddress.addressLine2"
                        placeholder="Address line 2"
                        type="text"
                      />
                      <label
                        for="shippingAddress.addressLine2"
                      >
                        Address line 2
                      </label>
                    </div>
                    <div
                      class="form-label-group"
                    >
                      <input
                        class="form-control form-control-flush"
                        id="shippingAddress.city"
                        name="shippingAddress.city"
                        placeholder="City"
                        type="text"
                      />
                      <label
                        for="shippingAddress.city"
                      >
                        City
                      </label>
                    </div>
                    <div
                      class="form-label-group"
                    >
                      <input
                        class="form-control form-control-flush"
                        id="shippingAddress.state"
                        name="shippingAddress.state"
                        placeholder="State / Province"
                        type="text"
                      />
                      <label
                        for="shippingAddress.state"
                      >
                        State / Province
                      </label>
                    </div>
                    <div
                      class="form-label-group"
                    >
                      <input
                        class="form-control form-control-flush"
                        id="shippingAddress.postalCode"
                        name="shippingAddress.postalCode"
                        placeholder="Postal code"
                        type="text"
                      />
                      <label
                        for="shippingAddress.postalCode"
                      >
                        Postal code
                      </label>
                    </div>
                    <div
                      class="form-label-group"
                    >
                      <input
                        class="form-control form-control-flush"
                        id="shippingAddress.country"
                        name="shippingAddress.country"
                        placeholder="Country"
                        type="text"
                      />
                      <label
                        for="shippingAddress.country"
                      >
                        Country
                      </label>
                    </div>
                  </div>
                </div>
              </div>
            </div>
            <div
              class="card shadow-light-lg card-border border-success mb-5"
            >
              <div
                class="card-body"
              >
                <h2
                  class="card-title text-body"
                >
                  Additional Info
                </h2>
                <div
                  class="form-label-group"
                >
                  <input
                    class="form-control form-control-flush"
                    id="additionalInfo.currency"
                    name="additionalInfo.currency"
                    placeholder="Currency"
                    type="text"
                  />
                  <label
                    for="additionalInfo.currency"
                  >
                    Currency
                  </label>
                </div>
                <div
                  class="form-label-group"
                >
                  <input
                    class="form-control form-control-flush"
                    id="additionalInfo.paymentTerms"
                    name="additionalInfo.paymentTerms"
                    placeholder="Payment terms"
                    type="text"
                  />
                  <label
                    for="additionalInfo.paymentTerms"
                  >
                    Payment terms
                  </label>
                </div>
              </div>
            </div>
            <button
              class="btn btn-primary mr-1"
              type="submit"
            >
              Add Client
            </button>
            <button
              class="btn btn-default"
              type="reset"
            >
              Reset
            </button>
          </form>
        </div>
      </div>
    </div>
  </main>
</div>
`;
