// Jest Snapshot v1, https://goo.gl/fbAQLP

exports[`<Pricing /> tests should match snapshot 1`] = `
<div>
  <section
    class="py-8 mt-10 mb-10"
  >
    <div
      class="container"
    >
      <div
        class="row justify-content-center"
      >
        <div
          class="col-12 col-md-5"
        >
          <div
            class="card shadow-lg mb-6 mb-md-0"
          >
            <div
              class="card-body"
            >
              <div
                class="text-center mb-3"
              >
                <span
                  class="badge badge-pill badge-primary-soft"
                >
                  <span
                    class="h6 text-uppercase"
                  >
                    Free
                  </span>
                </span>
              </div>
              <div
                class="d-flex justify-content-center"
              >
                <span
                  class="price display-2 mb-0"
                >
                  $0.00
                </span>
              </div>
              <p
                class="text-center text-muted mb-5"
              >
                Free Forever
              </p>
              <div
                class="d-flex"
              >
                <div
                  class="badge badge-rounded-circle badge-success-soft mt-1 mr-4"
                >
                  <i
                    class="fe fe-check"
                  />
                </div>
                <p>
                  Every feature, free for life.
                </p>
              </div>
              <div
                class="d-flex"
              >
                <div
                  class="badge badge-rounded-circle badge-success-soft mt-1 mr-4"
                >
                  <i
                    class="fe fe-check"
                  />
                </div>
                <p
                  class="mb-5"
                >
                  Never pay a penny.
                </p>
              </div>
              <a
                class="btn btn-block btn-primary"
                href="/sign-up"
              >
                Sign Up Now 
                <i
                  class="fe fe-arrow-right ml-3"
                />
              </a>
            </div>
          </div>
        </div>
        <div
          class="col-12 col-md-5"
        >
          <div
            class="card shadow-lg mb-md-0"
          >
            <div
              class="card-body"
            >
              <div
                class="text-center mb-3"
              >
                <span
                  class="badge badge-pill badge-primary-soft"
                >
                  <span
                    class="h6 text-uppercase"
                  >
                    Pay As You Get Paid
                  </span>
                </span>
              </div>
              <div
                class="d-flex justify-content-center"
              >
                <span
                  class="price display-2 mb-0"
                  data-annual="49"
                  data-monthly="69"
                >
                  From 2.4%
                </span>
              </div>
              <p
                class="text-center text-muted mb-5"
              >
                Pay when your client pays you
              </p>
              <div
                class="d-flex"
              >
                <div
                  class="badge badge-rounded-circle badge-success-soft mt-1 mr-4"
                >
                  <i
                    class="fe fe-check"
                  />
                </div>
                <p>
                  2.4% for European Payments
                </p>
              </div>
              <div
                class="d-flex"
              >
                <div
                  class="badge badge-rounded-circle badge-success-soft mt-1 mr-4"
                >
                  <i
                    class="fe fe-check"
                  />
                </div>
                <p
                  class="mb-5"
                >
                  3.9% for International Payments
                </p>
              </div>
              <a
                class="btn btn-block btn-primary-soft"
                href="/sign-up"
              >
                Sign Up Now 
                <i
                  class="fe fe-arrow-right ml-3"
                />
              </a>
            </div>
          </div>
        </div>
      </div>
    </div>
  </section>
</div>
`;
