// Jest Snapshot v1, https://goo.gl/fbAQLP

exports[`<SignInForm /> tests should match snapshot 1`] = `
<div>
  <section>
    <div
      class="container d-flex flex-column"
    >
      <div
        class="row align-items-center justify-content-center no-gutters min-vh-100"
      >
        <div
          class="col-12 col-md-6 py-8 py-md-11 mb-10"
        >
          <h1
            class="mb-0 font-weight-bold text-center"
          >
            Sign In or Register
          </h1>
          <p
            class="mb-6 text-center text-muted"
          >
            To ensure maximum security and simplicity, we recommend signing up/logging in using a secure authentication provider.
          </p>
          <div
            class="mb-8"
          >
            <a
              class="button mb-3"
              href="/dashboard"
            >
              <div
                class="wrapper"
              >
                <svg
                  fill="#3b5998"
                  height="24"
                  viewBox="0 0 24 24"
                  width="24"
                  xmlns="http://www.w3.org/2000/svg"
                >
                  <path
                    d="M22.675 0H1.325C.593 0 0 .593 0 1.325v21.351C0 23.407.593 24 1.325 24H12.82v-9.294H9.692v-3.622h3.128V8.413c0-3.1 1.893-4.788 4.659-4.788 1.325 0 2.463.099 2.795.143v3.24l-1.918.001c-1.504 0-1.795.715-1.795 1.763v2.313h3.587l-.467 3.622h-3.12V24h6.116c.73 0 1.323-.593 1.323-1.325V1.325C24 .593 23.407 0 22.675 0z"
                  />
                </svg>
              </div>
              <p
                class="text"
              >
                Login with Facebook
              </p>
            </a>
            <a
              class="button"
              href="/dashboard"
            >
              <div
                class="wrapper"
              >
                <svg
                  class="icon"
                  viewBox="0 0 533.5 544.3"
                  xmlns="http://www.w3.org/2000/svg"
                >
                  <path
                    d="M533.5 278.4c0-18.5-1.5-37.1-4.7-55.3H272.1v104.8h147c-6.1 33.8-25.7 63.7-54.4 82.7v68h87.7c51.5-47.4 81.1-117.4 81.1-200.2z"
                    fill="#4285f4"
                  />
                  <path
                    d="M272.1 544.3c73.4 0 135.3-24.1 180.4-65.7l-87.7-68c-24.4 16.6-55.9 26-92.6 26-71 0-131.2-47.9-152.8-112.3H28.9v70.1c46.2 91.9 140.3 149.9 243.2 149.9z"
                    fill="#34a853"
                  />
                  <path
                    d="M119.3 324.3c-11.4-33.8-11.4-70.4 0-104.2V150H28.9c-38.6 76.9-38.6 167.5 0 244.4l90.4-70.1z"
                    fill="#fbbc04"
                  />
                  <path
                    d="M272.1 107.7c38.8-.6 76.3 14 104.4 40.8l77.7-77.7C405 24.6 339.7-.8 272.1 0 169.2 0 75.1 58 28.9 150l90.4 70.1c21.5-64.5 81.8-112.4 152.8-112.4z"
                    fill="#ea4335"
                  />
                </svg>
              </div>
              <p
                class="text"
              >
                Login with Google
              </p>
            </a>
          </div>
          <small
            class="d-block text-center text-muted"
          >
            If you do not already have an account, we will create one for you.
          </small>
        </div>
      </div>
    </div>
  </section>
</div>
`;
