// Jest Snapshot v1, https://goo.gl/fbAQLP

exports[`<Error /> tests should match snapshot 1`] = `
<div>
  <section>
    <div
      class="container d-flex flex-column"
    >
      <div
        class="row align-items-center justify-content-center no-gutters min-vh-100"
      >
        <div
          class="col-12 col-md-6 py-8 py-md-11"
        >
          <h1
            class="display-3 font-weight-bold text-center"
          >
            Error.
          </h1>
          <p
            class="mb-5 text-center text-muted"
          >
            We ran into an issue, for which we apologise. We have logged the error and we will investigate soon.
          </p>
          <div
            class="text-center"
          >
            <a
              class="btn btn-primary"
              href="#!"
            >
              Back to safety
            </a>
          </div>
        </div>
      </div>
    </div>
  </section>
</div>
`;
