// Jest Snapshot v1, https://goo.gl/fbAQLP

exports[`<Hero /> tests should match snapshot 1`] = `
<div>
  <section
    class="position-relative pt-11 pt-md-14 mt-n11"
  >
    <div
      class="shape shape-fluid-x shape-blur-2 svg-shim text-light"
    >
      <svg
        fill="none"
        viewBox="0 0 1313 768"
        xmlns="http://www.w3.org/2000/svg"
      >
        <path
          d="M442.794 768C605.882 768 748.362 679.773 825.111 548.444L825.294 549C825.294 549 825.543 548.251 826.056 546.819C839.139 524.212 850.279 500.339 859.248 475.43C901.996 397.81 989.306 277.09 1144.29 206L1143.37 205.307C1230.34 171.296 1295.63 94.049 1312.83 0H1.29419V295.514C0.631105 305.423 0.294189 315.422 0.294189 325.5C0.294189 569.886 198.408 768 442.794 768Z"
          fill="currentColor"
        />
      </svg>
    </div>
    <div
      class="container"
    >
      <div
        class="row align-items-center text-center text-md-left"
      >
        <div
          class="col-12 col-md-6"
        >
          <img
            alt="InvoiceMyClients.com"
            class="img-fluid float-right float-md-none mb-6 mb-md-0"
            src="illustration-4.png"
          />
        </div>
        <div
          class="col-12 col-md-6"
        >
          <h1
            class="display-1 font-weight-bold"
          >
            <div>
              Get paid. Fast.
            </div>
          </h1>
          <h2>
            We make it quick, easy, and secure for your clients to pay their invoices.
          </h2>
          <a
            class="btn btn-primary lift mt-3"
            href="/sign-up"
          >
            It's free to get started 
            <svg
              class="ml-3"
              fill="none"
              height="24"
              stroke="currentColor"
              stroke-linecap="round"
              stroke-linejoin="round"
              stroke-width="2"
              viewBox="0 0 24 24"
              width="24"
              xmlns="http://www.w3.org/2000/svg"
            >
              <line
                x1="5"
                x2="19"
                y1="12"
                y2="12"
              />
              <polyline
                points="12 5 19 12 12 19"
              />
            </svg>
          </a>
        </div>
      </div>
    </div>
  </section>
</div>
`;
